// Jest Snapshot v1, https://goo.gl/fbAQLP

exports[`CallToAction snapshot test 1`] = `
<Card
  className="call-to-action rounded padded text-center bg-white bordered light"
  link={null}
  onClose={null}
  title={null}
>
  <div
    className="cta__tagline margin-bottom-lg"
  >
    Aenean eu leo quam. Pellentesque ornare sem vestibulum.
  </div>
  <Connect(SignupButton) />
</Card>
`;
