// Jest Snapshot v1, https://goo.gl/fbAQLP

exports[`CallToAction snapshot test 1`] = `
<div
  className="call-to-action sample-class"
/>
`;
