// Jest Snapshot v1, https://goo.gl/fbAQLP

exports[`it generates a card snapshot 1`] = `
<article
  className="card bg-white w-full clip-padding-box bordered p-3 rounded"
>
  <header
    className="text-gray-900 bg-yellow-500 p-3 rounded-t clip-padding-box"
  >
    <h1
      className="inline font-source-sans text-base uppercase"
      data-test="card-title"
    >
      Awesomest Content Ever
    </h1>
  </header>
  <p>
    Praesent commodo cursus magna, vel scelerisque nisl
  </p>
</article>
`;
