// Jest Snapshot v1, https://goo.gl/fbAQLP

exports[`it generates a card snapshot 1`] = `
<article
  className="card"
>
  <header
    className="card__title"
  >
    <h1>
      Awesomest Content Ever
    </h1>
  </header>
  <p>
    Praesent commodo cursus magna, vel scelerisque nisl
  </p>
</article>
`;
