// Jest Snapshot v1, https://goo.gl/fbAQLP

exports[`Button snapshot test 1`] = `
<button
  className="button -modifier"
  disabled={false}
  onClick={[Function]}
>
  Join Us
</button>
`;
