// Jest Snapshot v1, https://goo.gl/fbAQLP

exports[`it generates a campaign update in affiliate mode snapshot 1`] = `
<Card
  attributes={Object {}}
  className="rounded bordered"
  id="1234567890"
  link={null}
  onClose={[Function]}
  title="Campaign Update"
>
  <TextContent
    className="p-3"
    classNameByEntry={Object {}}
    classNameByEntryDefault={null}
    styles={Object {}}
  >
    Duis mollis, est non commodo luctus, nisi erat porttitor ligula, eget lacinia odio sem nec elit. Morbi leo risus, porta ac consectetur ac, vestibulum at eros. Sed posuere consectetur est at lobortis. Sed posuere consectetur est at lobortis. Nullam quis risus eget urna mollis ornare vel eu leo. Etiam porta sem malesuada magna mollis euismod. Cras mattis consectetur purus sit amet fermentum.
  </TextContent>
  <footer
    className="p-3 clearfix"
  >
    <AffiliatePromotion
      className={null}
      imgUrl="http://example.com/avatar-aang.jpg"
      text="Powered by"
      textClassName="text-gray-600"
      title="Campaign Sponsor Logo"
    />
  </footer>
</Card>
`;

exports[`it generates a campaign update snapshot 1`] = `
<Card
  attributes={Object {}}
  className="rounded bordered"
  id="1234567890"
  link={null}
  onClose={[Function]}
  title="Campaign Update"
>
  <TextContent
    className="p-3"
    classNameByEntry={Object {}}
    classNameByEntryDefault={null}
    styles={Object {}}
  >
    Duis mollis, est non commodo luctus, nisi erat porttitor ligula, eget lacinia odio sem nec elit. Morbi leo risus, porta ac consectetur ac, vestibulum at eros. Sed posuere consectetur est at lobortis. Sed posuere consectetur est at lobortis. Nullam quis risus eget urna mollis ornare vel eu leo. Etiam porta sem malesuada magna mollis euismod. Cras mattis consectetur purus sit amet fermentum.
  </TextContent>
  <footer
    className="p-3 clearfix"
  >
    <AffiliatePromotion
      className={null}
      imgUrl="http://example.com/avatar-aang.jpg"
      text="Powered by"
      textClassName="text-gray-600"
      title="Campaign Sponsor Logo"
    />
  </footer>
</Card>
`;
